[01:44:35.923] [INFO] storybook v10.3.6
[01:44:37.792] [DEBUG] Getting package.json info for /home/bekkas/Documents/mern/package.json...
[01:44:37.794] [WARN] You are currently using Storybook [1m10.3.6[22m but you have packages which are incompatible with it:

- @storybook/addon-essentials@7.6.24 which depends on 7.6.24
 Repo: https://github.com/storybookjs/storybook/tree/next/code/addons/essentials
- @storybook/addon-interactions@7.6.24 which depends on 7.6.24
 Repo: https://github.com/storybookjs/storybook/tree/next/code/addons/interactions

Please consider updating your packages or contacting the maintainers for compatibility details.

For more details on compatibility guidance, see:
https://github.com/storybookjs/storybook/issues/32836
[01:44:38.186] [WARN] Could not resolve addon "@storybook/addon-links", skipping. Is it installed?
[01:44:38.296] [INFO] Storybook collects completely anonymous usage telemetry. We use it to shape Storybook's roadmap and prioritize features. You can learn more, including how to opt out, at https://storybook.js.org/telemetry
[01:44:38.339] [WARN] Could not resolve addon "@storybook/addon-links", skipping. Is it installed?
[01:44:38.377] [ERROR] [38;2;241;97;97mError: Failed to load static files, no such directory: [36m./public[39m
Make sure this directory exists.[39m
    at parseStaticDir (file:///home/bekkas/Documents/mern/node_modules/.pnpm/storybook@10.3.6_@testing-library+dom@10.4.1_react-dom@18.3.1_react@18.3.1__react@18.3.1/node_modules/storybook/dist/_node-chunks/chunk-UYONHJJP.js:116:11)
    at file:///home/bekkas/Documents/mern/node_modules/.pnpm/storybook@10.3.6_@testing-library+dom@10.4.1_react-dom@18.3.1_react@18.3.1__react@18.3.1/node_modules/storybook/dist/core-server/presets/common-preset.js:1726:48
    at Array.map (<anonymous>)
    at Object.favicon (file:///home/bekkas/Documents/mern/node_modules/.pnpm/storybook@10.3.6_@testing-library+dom@10.4.1_react-dom@18.3.1_react@18.3.1__react@18.3.1/node_modules/storybook/dist/core-server/presets/common-preset.js:1721:193)
    at async useStatics (file:///home/bekkas/Documents/mern/node_modules/.pnpm/storybook@10.3.6_@testing-library+dom@10.4.1_react-dom@18.3.1_react@18.3.1__react@18.3.1/node_modules/storybook/dist/_node-chunks/chunk-UYONHJJP.js:72:83)
    at async Promise.all (index 2)
    at async storybookDevServer (file:///home/bekkas/Documents/mern/node_modules/.pnpm/storybook@10.3.6_@testing-library+dom@10.4.1_react-dom@18.3.1_react@18.3.1__react@18.3.1/node_modules/storybook/dist/core-server/index.js:7490:141)
    at async buildOrThrow (file:///home/bekkas/Documents/mern/node_modules/.pnpm/storybook@10.3.6_@testing-library+dom@10.4.1_react-dom@18.3.1_react@18.3.1__react@18.3.1/node_modules/storybook/dist/core-server/index.js:4508:12)
    at async buildDevStandalone (file:///home/bekkas/Documents/mern/node_modules/.pnpm/storybook@10.3.6_@testing-library+dom@10.4.1_react-dom@18.3.1_react@18.3.1__react@18.3.1/node_modules/storybook/dist/core-server/index.js:8033:41)
    at async withTelemetry (file:///home/bekkas/Documents/mern/node_modules/.pnpm/storybook@10.3.6_@testing-library+dom@10.4.1_react-dom@18.3.1_react@18.3.1__react@18.3.1/node_modules/storybook/dist/_node-chunks/chunk-UYONHJJP.js:225:12)
[01:44:38.381] [WARN] Broken build, fix the error above.
You may need to refresh the browser.
[01:44:38.386] [WARN] Could not resolve addon "@storybook/addon-links", skipping. Is it installed?
[01:45:14.411] [PROMPT] Would you like to send anonymous crash reports to improve Storybook and fix bugs faster? {"choice":false}